﻿
> frontend@0.0.0 build
> tsc -b && vite build

[36mvite v8.0.16 [32mbuilding client environment for production...[36m[39m
[2K
transforming...Γ£ô 2373 modules transformed.
rendering chunks...
computing gzip size...
dist/index.html                   0.45 kB Γöé gzip:   0.29 kB
dist/assets/index-BX8rml8S.css   35.88 kB Γöé gzip:   6.95 kB
dist/assets/index-KcqJZDG_.js   609.49 kB Γöé gzip: 190.64 kB

node.exe : [33m[plugin builtin:vite-reporter] 
At C:\Program Files\nodejs\npm.ps1:29 char:3
+   & $NODE_EXE $NPM_CLI_JS $args
+   ~~~~~~~~~~~~~~~~~~~~~~~~~~~~~
    + CategoryInfo          : NotSpecified: ([33m[plugin builtin:vite-reporter] :String) [], RemoteException
    + FullyQualifiedErrorId : NativeCommandError
 
(!) Some chunks are larger than 500 kB after minification. Consider:
- Using dynamic import() to code-split the application
- Use build.rolldownOptions.output.codeSplitting to improve chunking: 
https://rolldown.rs/reference/OutputOptions.codeSplitting
- Adjust chunk size limit for this warning via build.chunkSizeWarningLimit.[39m
[31mΓ£ù[39m Build failed in 1.03s
[31merror during build:
[31mBuild failed with 1 error:

Error: [vite]: Rolldown failed to resolve import "react-is" from 
"D:/flask-react/ChainSight-AI/frontend/node_modules/recharts/es6/util/ReactUtils.js".
This is most likely unintended because it can break your application at runtime.
If you do want to externalize this module explicitly add it to
`build.rolldownOptions.external`
    at viteLog (file:///D:/flask-react/ChainSight-AI/frontend/node_modules/vite/dist/node/chunks/node.js:33346:57)
    at file:///D:/flask-react/ChainSight-AI/frontend/node_modules/vite/dist/node/chunks/node.js:33382:71
    at onwarn (file:///D:/flask-react/ChainSight-AI/frontend/node_modules/@vitejs/plugin-react/dist/index.js:40:7)
    at file:///D:/flask-react/ChainSight-AI/frontend/node_modules/vite/dist/node/chunks/node.js:33382:28
    at onRollupLog (file:///D:/flask-react/ChainSight-AI/frontend/node_modules/vite/dist/node/chunks/node.js:33377:63)
    at onLog (file:///D:/flask-react/ChainSight-AI/frontend/node_modules/vite/dist/node/chunks/node.js:33146:4)
    at 
file:///D:/flask-react/ChainSight-AI/frontend/node_modules/rolldown/dist/shared/rolldown-build-CrPk_lZe.mjs:50:26
    at logger 
(file:///D:/flask-react/ChainSight-AI/frontend/node_modules/rolldown/dist/shared/rolldown-build-CrPk_lZe.mjs:41:3)[31m
    at aggregateBindingErrorsIntoJsError 
(file:///D:/flask-react/ChainSight-AI/frontend/node_modules/rolldown/dist/shared/error-BuvQYXuZ.mjs:48:18)
    at unwrapBindingResult 
(file:///D:/flask-react/ChainSight-AI/frontend/node_modules/rolldown/dist/shared/error-BuvQYXuZ.mjs:18:128)
    at #build 
(file:///D:/flask-react/ChainSight-AI/frontend/node_modules/rolldown/dist/shared/rolldown-build-CrPk_lZe.mjs:3246:34)
    at async buildEnvironment 
(file:///D:/flask-react/ChainSight-AI/frontend/node_modules/vite/dist/node/chunks/node.js:33253:64)
    at async Object.build 
(file:///D:/flask-react/ChainSight-AI/frontend/node_modules/vite/dist/node/chunks/node.js:33675:19)
    at async Object.buildApp 
(file:///D:/flask-react/ChainSight-AI/frontend/node_modules/vite/dist/node/chunks/node.js:33672:153)
    at async CAC.<anonymous> (file:///D:/flask-react/ChainSight-AI/frontend/node_modules/vite/dist/node/cli.js:777:3) {
  errors: [Getter/Setter]
}[39m
